node.exe : - Generating 
browser application 
bundles (phase: setup)...
At C:\Users\kamal\AppData\
Roaming\npm\ng.ps1:24 
char:5
+     & "node$exe"  "$base
dir/node_modules/@angular/
cli/bin/ng.js" $arg ...
+     ~~~~~~~~~~~~~~~~~~~~
~~~~~~~~~~~~~~~~~~~~~~~~~~
~~~~~~~~~~~~~~~~~~~
    + CategoryInfo        
      : NotSpecified: (-  
   Generating br...hase   
 : setup)...:String) [    
], RemoteException
    + FullyQualifiedError 
   Id : NativeCommandErr  
  or
 
Γ£ö Browser application 
bundle generation 
complete.
Γ£ö Browser application 
bundle generation 
complete.

Warning: D:/Ecommerce_Angu
lar/E-commerce-using-Angul
ar/src/app/checkout/checko
ut.component.css exceeded 
maximum budget. Budget 
2.00 kB was not met by 
2.66 kB with a total of 
4.66 kB.

Warning: D:/Ecommerce_Angu
lar/E-commerce-using-Angul
ar/src/app/child1/child1.c
omponent.css exceeded 
maximum budget. Budget 
2.00 kB was not met by 
385 bytes with a total of 
2.38 kB.

Warning: D:/Ecommerce_Angu
lar/E-commerce-using-Angul
ar/src/app/child2/child2.c
omponent.css exceeded 
maximum budget. Budget 
2.00 kB was not met by 
385 bytes with a total of 
2.38 kB.

Warning: D:/Ecommerce_Angu
lar/E-commerce-using-Angul
ar/src/app/contact/contact
.component.css exceeded 
maximum budget. Budget 
2.00 kB was not met by 
272 bytes with a total of 
2.27 kB.

Warning: D:/Ecommerce_Angu
lar/E-commerce-using-Angul
ar/src/app/course/course.c
omponent.css exceeded 
maximum budget. Budget 
2.00 kB was not met by 
363 bytes with a total of 
2.35 kB.

Warning: D:/Ecommerce_Angu
lar/E-commerce-using-Angul
ar/src/app/dashboard/dashb
oard.component.css 
exceeded maximum budget. 
Budget 2.00 kB was not 
met by 990 bytes with a 
total of 2.97 kB.

Warning: D:/Ecommerce_Angu
lar/E-commerce-using-Angul
ar/src/app/footer/footer.c
omponent.css exceeded 
maximum budget. Budget 
2.00 kB was not met by 
982 bytes with a total of 
2.96 kB.

Warning: D:/Ecommerce_Angu
lar/E-commerce-using-Angul
ar/src/app/home/home.compo
nent.css exceeded maximum 
budget. Budget 2.00 kB 
was not met by 662 bytes 
with a total of 2.65 kB.

Warning: D:/Ecommerce_Angu
lar/E-commerce-using-Angul
ar/src/app/login/login.com
ponent.css exceeded 
maximum budget. Budget 
2.00 kB was not met by 73 
bytes with a total of 
2.07 kB.

Warning: D:/Ecommerce_Angu
lar/E-commerce-using-Angul
ar/src/app/product-detail/
product-detail.component.c
ss exceeded maximum 
budget. Budget 2.00 kB 
was not met by 1.19 kB 
with a total of 3.19 kB.

Warning: D:/Ecommerce_Angu
lar/E-commerce-using-Angul
ar/src/app/sidebar/sidebar
.component.css exceeded 
maximum budget. Budget 
2.00 kB was not met by 
339 bytes with a total of 
2.33 kB.

Warning: D:/Ecommerce_Angu
lar/E-commerce-using-Angul
ar/src/app/television/tele
vision.component.css 
exceeded maximum budget. 
Budget 2.00 kB was not 
met by 385 bytes with a 
total of 2.38 kB.



Error: D:/Ecommerce_Angula
r/E-commerce-using-Angular
/src/app/checkout/checkout
.component.css exceeded 
maximum budget. Budget 
4.00 kB was not met by 
673 bytes with a total of 
4.66 kB.


